// Jest Snapshot v1, https://goo.gl/fbAQLP

exports[`<Home/> Deve renderizar com sucesso 1`] = `
<div>
  <div
    class="sc-eCYdqJ QSBIM"
  >
    <input
      class="sc-jSMfEi hBkAaQ"
      data-testid="input-filter"
      name="search"
      placeholder="Buscar..."
      type="text"
      value=""
    />
  </div>
  <div
    class="sc-ftvSup hFhTFb"
  >
    <div
      class="sc-papXJ cYtZtE"
    >
      <div
        class="sc-jqUVSM jjphog"
      >
        <div
          class="sc-kDDrLX kLgwMV"
        >
          <div
            class="sc-bczRLJ hxuUtm"
          >
            <div
              class="sc-gsnTZi fUNCkM"
            >
              bulbasaur
            </div>
            <div
              class="sc-dkzDqf hFZDNz"
            >
              <img
                alt="poketeste"
                height="100%"
                src="https://raw.githubusercontent.com/PokeAPI/sprites/master/sprites/pokemon/other/dream-world/1.svg"
                width="90%"
              />
            </div>
            <img
              alt="fav-icon"
              class="sc-hKMtZM bvsQcw"
              data-testid="fav-icon-bulbasaur"
              src="add-fav.png"
            />
          </div>
          <div
            class="sc-bczRLJ hxuUtm"
          >
            <div
              class="sc-gsnTZi fUNCkM"
            >
              ivysaur
            </div>
            <div
              class="sc-dkzDqf hFZDNz"
            >
              <img
                alt="poketeste"
                height="100%"
                src="https://raw.githubusercontent.com/PokeAPI/sprites/master/sprites/pokemon/other/dream-world/2.svg"
                width="90%"
              />
            </div>
            <img
              alt="fav-icon"
              class="sc-hKMtZM bvsQcw"
              data-testid="fav-icon-ivysaur"
              src="add-fav.png"
            />
          </div>
          <div
            class="sc-bczRLJ hxuUtm"
          >
            <div
              class="sc-gsnTZi fUNCkM"
            >
              venusaur
            </div>
            <div
              class="sc-dkzDqf hFZDNz"
            >
              <img
                alt="poketeste"
                height="100%"
                src="https://raw.githubusercontent.com/PokeAPI/sprites/master/sprites/pokemon/other/dream-world/3.svg"
                width="90%"
              />
            </div>
            <img
              alt="fav-icon"
              class="sc-hKMtZM bvsQcw"
              data-testid="fav-icon-venusaur"
              src="add-fav.png"
            />
          </div>
          <div
            class="sc-bczRLJ hxuUtm"
          >
            <div
              class="sc-gsnTZi fUNCkM"
            >
              charmander
            </div>
            <div
              class="sc-dkzDqf hFZDNz"
            >
              <img
                alt="poketeste"
                height="100%"
                src="https://raw.githubusercontent.com/PokeAPI/sprites/master/sprites/pokemon/other/dream-world/4.svg"
                width="90%"
              />
            </div>
            <img
              alt="fav-icon"
              class="sc-hKMtZM bvsQcw"
              data-testid="fav-icon-charmander"
              src="add-fav.png"
            />
          </div>
          <div
            class="sc-bczRLJ hxuUtm"
          >
            <div
              class="sc-gsnTZi fUNCkM"
            >
              charmeleon
            </div>
            <div
              class="sc-dkzDqf hFZDNz"
            >
              <img
                alt="poketeste"
                height="100%"
                src="https://raw.githubusercontent.com/PokeAPI/sprites/master/sprites/pokemon/other/dream-world/5.svg"
                width="90%"
              />
            </div>
            <img
              alt="fav-icon"
              class="sc-hKMtZM bvsQcw"
              data-testid="fav-icon-charmeleon"
              src="add-fav.png"
            />
          </div>
          <div
            class="sc-bczRLJ hxuUtm"
          >
            <div
              class="sc-gsnTZi fUNCkM"
            >
              charizard
            </div>
            <div
              class="sc-dkzDqf hFZDNz"
            >
              <img
                alt="poketeste"
                height="100%"
                src="https://raw.githubusercontent.com/PokeAPI/sprites/master/sprites/pokemon/other/dream-world/6.svg"
                width="90%"
              />
            </div>
            <img
              alt="fav-icon"
              class="sc-hKMtZM bvsQcw"
              data-testid="fav-icon-charizard"
              src="add-fav.png"
            />
          </div>
          <div
            class="sc-bczRLJ hxuUtm"
          >
            <div
              class="sc-gsnTZi fUNCkM"
            >
              squirtle
            </div>
            <div
              class="sc-dkzDqf hFZDNz"
            >
              <img
                alt="poketeste"
                height="100%"
                src="https://raw.githubusercontent.com/PokeAPI/sprites/master/sprites/pokemon/other/dream-world/7.svg"
                width="90%"
              />
            </div>
            <img
              alt="fav-icon"
              class="sc-hKMtZM bvsQcw"
              data-testid="fav-icon-squirtle"
              src="add-fav.png"
            />
          </div>
          <div
            class="sc-bczRLJ hxuUtm"
          >
            <div
              class="sc-gsnTZi fUNCkM"
            >
              wartortle
            </div>
            <div
              class="sc-dkzDqf hFZDNz"
            >
              <img
                alt="poketeste"
                height="100%"
                src="https://raw.githubusercontent.com/PokeAPI/sprites/master/sprites/pokemon/other/dream-world/8.svg"
                width="90%"
              />
            </div>
            <img
              alt="fav-icon"
              class="sc-hKMtZM bvsQcw"
              data-testid="fav-icon-wartortle"
              src="add-fav.png"
            />
          </div>
          <div
            class="sc-bczRLJ hxuUtm"
          >
            <div
              class="sc-gsnTZi fUNCkM"
            >
              blastoise
            </div>
            <div
              class="sc-dkzDqf hFZDNz"
            >
              <img
                alt="poketeste"
                height="100%"
                src="https://raw.githubusercontent.com/PokeAPI/sprites/master/sprites/pokemon/other/dream-world/9.svg"
                width="90%"
              />
            </div>
            <img
              alt="fav-icon"
              class="sc-hKMtZM bvsQcw"
              data-testid="fav-icon-blastoise"
              src="add-fav.png"
            />
          </div>
          <div
            class="sc-bczRLJ hxuUtm"
          >
            <div
              class="sc-gsnTZi fUNCkM"
            >
              caterpie
            </div>
            <div
              class="sc-dkzDqf hFZDNz"
            >
              <img
                alt="poketeste"
                height="100%"
                src="https://raw.githubusercontent.com/PokeAPI/sprites/master/sprites/pokemon/other/dream-world/10.svg"
                width="90%"
              />
            </div>
            <img
              alt="fav-icon"
              class="sc-hKMtZM bvsQcw"
              data-testid="fav-icon-caterpie"
              src="add-fav.png"
            />
          </div>
          <div
            class="sc-bczRLJ hxuUtm"
          >
            <div
              class="sc-gsnTZi fUNCkM"
            >
              metapod
            </div>
            <div
              class="sc-dkzDqf hFZDNz"
            >
              <img
                alt="poketeste"
                height="100%"
                src="https://raw.githubusercontent.com/PokeAPI/sprites/master/sprites/pokemon/other/dream-world/11.svg"
                width="90%"
              />
            </div>
            <img
              alt="fav-icon"
              class="sc-hKMtZM bvsQcw"
              data-testid="fav-icon-metapod"
              src="add-fav.png"
            />
          </div>
          <div
            class="sc-bczRLJ hxuUtm"
          >
            <div
              class="sc-gsnTZi fUNCkM"
            >
              butterfree
            </div>
            <div
              class="sc-dkzDqf hFZDNz"
            >
              <img
                alt="poketeste"
                height="100%"
                src="https://raw.githubusercontent.com/PokeAPI/sprites/master/sprites/pokemon/other/dream-world/12.svg"
                width="90%"
              />
            </div>
            <img
              alt="fav-icon"
              class="sc-hKMtZM bvsQcw"
              data-testid="fav-icon-butterfree"
              src="add-fav.png"
            />
          </div>
          <div
            class="sc-bczRLJ hxuUtm"
          >
            <div
              class="sc-gsnTZi fUNCkM"
            >
              weedle
            </div>
            <div
              class="sc-dkzDqf hFZDNz"
            >
              <img
                alt="poketeste"
                height="100%"
                src="https://raw.githubusercontent.com/PokeAPI/sprites/master/sprites/pokemon/other/dream-world/13.svg"
                width="90%"
              />
            </div>
            <img
              alt="fav-icon"
              class="sc-hKMtZM bvsQcw"
              data-testid="fav-icon-weedle"
              src="add-fav.png"
            />
          </div>
          <div
            class="sc-bczRLJ hxuUtm"
          >
            <div
              class="sc-gsnTZi fUNCkM"
            >
              kakuna
            </div>
            <div
              class="sc-dkzDqf hFZDNz"
            >
              <img
                alt="poketeste"
                height="100%"
                src="https://raw.githubusercontent.com/PokeAPI/sprites/master/sprites/pokemon/other/dream-world/14.svg"
                width="90%"
              />
            </div>
            <img
              alt="fav-icon"
              class="sc-hKMtZM bvsQcw"
              data-testid="fav-icon-kakuna"
              src="add-fav.png"
            />
          </div>
          <div
            class="sc-bczRLJ hxuUtm"
          >
            <div
              class="sc-gsnTZi fUNCkM"
            >
              beedrill
            </div>
            <div
              class="sc-dkzDqf hFZDNz"
            >
              <img
                alt="poketeste"
                height="100%"
                src="https://raw.githubusercontent.com/PokeAPI/sprites/master/sprites/pokemon/other/dream-world/15.svg"
                width="90%"
              />
            </div>
            <img
              alt="fav-icon"
              class="sc-hKMtZM bvsQcw"
              data-testid="fav-icon-beedrill"
              src="add-fav.png"
            />
          </div>
          <div
            class="sc-bczRLJ hxuUtm"
          >
            <div
              class="sc-gsnTZi fUNCkM"
            >
              pidgey
            </div>
            <div
              class="sc-dkzDqf hFZDNz"
            >
              <img
                alt="poketeste"
                height="100%"
                src="https://raw.githubusercontent.com/PokeAPI/sprites/master/sprites/pokemon/other/dream-world/16.svg"
                width="90%"
              />
            </div>
            <img
              alt="fav-icon"
              class="sc-hKMtZM bvsQcw"
              data-testid="fav-icon-pidgey"
              src="add-fav.png"
            />
          </div>
          <div
            class="sc-bczRLJ hxuUtm"
          >
            <div
              class="sc-gsnTZi fUNCkM"
            >
              pidgeotto
            </div>
            <div
              class="sc-dkzDqf hFZDNz"
            >
              <img
                alt="poketeste"
                height="100%"
                src="https://raw.githubusercontent.com/PokeAPI/sprites/master/sprites/pokemon/other/dream-world/17.svg"
                width="90%"
              />
            </div>
            <img
              alt="fav-icon"
              class="sc-hKMtZM bvsQcw"
              data-testid="fav-icon-pidgeotto"
              src="add-fav.png"
            />
          </div>
          <div
            class="sc-bczRLJ hxuUtm"
          >
            <div
              class="sc-gsnTZi fUNCkM"
            >
              pidgeot
            </div>
            <div
              class="sc-dkzDqf hFZDNz"
            >
              <img
                alt="poketeste"
                height="100%"
                src="https://raw.githubusercontent.com/PokeAPI/sprites/master/sprites/pokemon/other/dream-world/18.svg"
                width="90%"
              />
            </div>
            <img
              alt="fav-icon"
              class="sc-hKMtZM bvsQcw"
              data-testid="fav-icon-pidgeot"
              src="add-fav.png"
            />
          </div>
          <div
            class="sc-bczRLJ hxuUtm"
          >
            <div
              class="sc-gsnTZi fUNCkM"
            >
              rattata
            </div>
            <div
              class="sc-dkzDqf hFZDNz"
            >
              <img
                alt="poketeste"
                height="100%"
                src="https://raw.githubusercontent.com/PokeAPI/sprites/master/sprites/pokemon/other/dream-world/19.svg"
                width="90%"
              />
            </div>
            <img
              alt="fav-icon"
              class="sc-hKMtZM bvsQcw"
              data-testid="fav-icon-rattata"
              src="add-fav.png"
            />
          </div>
          <div
            class="sc-bczRLJ hxuUtm"
          >
            <div
              class="sc-gsnTZi fUNCkM"
            >
              raticate
            </div>
            <div
              class="sc-dkzDqf hFZDNz"
            >
              <img
                alt="poketeste"
                height="100%"
                src="https://raw.githubusercontent.com/PokeAPI/sprites/master/sprites/pokemon/other/dream-world/20.svg"
                width="90%"
              />
            </div>
            <img
              alt="fav-icon"
              class="sc-hKMtZM bvsQcw"
              data-testid="fav-icon-raticate"
              src="add-fav.png"
            />
          </div>
        </div>
      </div>
    </div>
  </div>
  <div
    class="sc-gKXOVf goYihl"
  >
    <span
      class="sc-iBkjds gLAUHr disabled"
      title="Página Anterior"
    >
      &lt;
    </span>
    <span
      class="sc-iBkjds gLAUHr"
      title="Próxima Página"
    >
      &gt;
    </span>
  </div>
</div>
`;
