// Jest Snapshot v1, https://goo.gl/fbAQLP

exports[`App Renderizar App 1`] = `
<div>
  <div
    class="app-container"
  >
    <div
      class="sc-bczRLJ hmunFc"
    >
      <img
        alt="pokemon-logo"
        class="sc-hKMtZM BPKtS"
        src="pokemon-logo.png"
      />
      <div
        class="sc-gsnTZi geleqQ"
      >
        <a
          href="/"
        >
          <span
            class="sc-dkzDqf cRnlOR"
          >
            Inicio
          </span>
        </a>
        <a
          href="/favorites"
        >
          <span
            class="sc-dkzDqf cRnlOR"
          >
            Favoritos
          </span>
        </a>
      </div>
    </div>
    <div
      class="sc-jqUVSM klFaXP"
    >
      <div
        class="sc-ftvSup cSmjlD"
      >
        <input
          class="sc-papXJ bIXmnd"
          data-testid="input-filter"
          name="search"
          placeholder="Buscar..."
          type="text"
          value=""
        />
      </div>
      <div
        class="sc-kDDrLX eNTzbW"
      >
        <div
          class="sc-iqcoie fTAtuW"
        >
          <div
            class="sc-crXcEl hxIgXv"
          />
        </div>
      </div>
    </div>
  </div>
</div>
`;
