// Jest Snapshot v1, https://goo.gl/fbAQLP

exports[`App Renderizar App 1`] = `
<div>
  <div
    class="app-container"
  >
    <div
      class="sc-bczRLJ fGfcFn"
    >
      <img
        alt="pokemon-logo"
        class="sc-hKMtZM hYTYvu"
        src="pokemon-logo.png"
      />
      <div
        class="sc-gsnTZi geleqQ"
      >
        <a
          href="/"
        >
          <span
            class="sc-dkzDqf gUffOm"
          >
            Inicio
          </span>
        </a>
        <a
          href="/favorites"
        >
          <span
            class="sc-dkzDqf gUffOm"
          >
            Favoritos
          </span>
        </a>
      </div>
    </div>
    <div
      class="sc-ftvSup kcjCPy"
    >
      <input
        class="sc-papXJ bIXmnd"
        data-testid="input-filter"
        name="search"
        placeholder="Buscar..."
        type="text"
        value=""
      />
    </div>
    <div
      class="sc-iqcoie kGyqHd"
    >
      <div
        class="sc-crXcEl knJbiQ"
      >
        <div
          class="sc-evZas csYxrp"
        >
          <div
            class="sc-breuTD eGELnM"
          />
        </div>
      </div>
    </div>
    <div
      class="sc-jqUVSM dKaHyk"
    >
      <span
        class="sc-kDDrLX dyTzVz disabled"
        title="Página Anterior"
      >
        &lt;
      </span>
      <span
        class="sc-kDDrLX dyTzVz disabled"
        title="Próxima Página"
      >
        &gt;
      </span>
    </div>
  </div>
</div>
`;
